Analysis & Synthesis report for hvps_controller
Thu Apr 16 12:47:01 2026
Quartus Prime Version 25.1std.0 Build 1129 10/21/2025 SC Lite Edition


---------------------
; Table of Contents ;
---------------------
  1. Legal Notice
  2. Analysis & Synthesis Summary
  3. Analysis & Synthesis Settings
  4. Parallel Compilation
  5. Analysis & Synthesis Source Files Read
  6. Analysis & Synthesis Resource Usage Summary
  7. Analysis & Synthesis Resource Utilization by Entity
  8. State Machine - |hvps_controller|AD7822:first_stage_voltage_feedback_adc|state
  9. State Machine - |hvps_controller|AD7822:output_voltage_feedback_adc|state
 10. State Machine - |hvps_controller|AD7822:primary_current_feedback_adc|state
 11. Registers Removed During Synthesis
 12. General Register Statistics
 13. Inverted Register Statistics
 14. Multiplexer Restructuring Statistics (Restructuring Performed)
 15. Parameter Settings for User Entity Instance: HVPS_FPGAInterface:fpga_interface|debouncer:debouncer_in_shift
 16. Parameter Settings for User Entity Instance: HVPS_FPGAInterface:fpga_interface|debouncer:debouncer_go_live
 17. Parameter Settings for User Entity Instance: HVPS_FPGAInterface:fpga_interface|debouncer:debouncer_to_output
 18. Parameter Settings for User Entity Instance: HVPS_FPGAInterface:fpga_interface|debouncer:debouncer_out_shift
 19. Port Connectivity Checks: "HBridge:hBridge"
 20. Port Connectivity Checks: "CommandHandler:command_handler"
 21. Port Connectivity Checks: "AD7822:first_stage_voltage_feedback_adc"
 22. Port Connectivity Checks: "AD7822:output_voltage_feedback_adc"
 23. Port Connectivity Checks: "AD7822:primary_current_feedback_adc"
 24. Port Connectivity Checks: "HVPS_FPGAInterface:fpga_interface"
 25. Post-Synthesis Netlist Statistics for Top Partition
 26. Elapsed Time Per Partition
 27. Analysis & Synthesis Messages
 28. Analysis & Synthesis Suppressed Messages



----------------
; Legal Notice ;
----------------
Copyright (C) 2025  Altera Corporation. All rights reserved.
Your use of Altera Corporation's design tools, logic functions 
and other software and tools, and any partner logic 
functions, and any output files from any of the foregoing 
(including device programming or simulation files), and any 
associated documentation or information are expressly subject 
to the terms and conditions of the Altera Program License 
Subscription Agreement, the Altera Quartus Prime License Agreement,
the Altera IP License Agreement, or other applicable license
agreement, including, without limitation, that your use is for
the sole purpose of programming logic devices manufactured by
Altera and sold by Altera or its authorized distributors.  Please
refer to the Altera Software License Subscription Agreements 
on the Quartus Prime software download page.



+--------------------------------------------------------------------------------------+
; Analysis & Synthesis Summary                                                         ;
+------------------------------------+-------------------------------------------------+
; Analysis & Synthesis Status        ; Successful - Thu Apr 16 12:47:01 2026           ;
; Quartus Prime Version              ; 25.1std.0 Build 1129 10/21/2025 SC Lite Edition ;
; Revision Name                      ; hvps_controller                                 ;
; Top-level Entity Name              ; hvps_controller                                 ;
; Family                             ; Cyclone IV E                                    ;
; Total logic elements               ; 1,429                                           ;
;     Total combinational functions  ; 1,365                                           ;
;     Dedicated logic registers      ; 1,322                                           ;
; Total registers                    ; 1322                                            ;
; Total pins                         ; 52                                              ;
; Total virtual pins                 ; 0                                               ;
; Total memory bits                  ; 0                                               ;
; Embedded Multiplier 9-bit elements ; 0                                               ;
; Total PLLs                         ; 0                                               ;
+------------------------------------+-------------------------------------------------+


+------------------------------------------------------------------------------------------------------------+
; Analysis & Synthesis Settings                                                                              ;
+------------------------------------------------------------------+--------------------+--------------------+
; Option                                                           ; Setting            ; Default Value      ;
+------------------------------------------------------------------+--------------------+--------------------+
; Device                                                           ; EP4CE6E22C8L       ;                    ;
; Top-level entity name                                            ; hvps_controller    ; hvps_controller    ;
; Family name                                                      ; Cyclone IV E       ; Cyclone V          ;
; Use smart compilation                                            ; Off                ; Off                ;
; Enable parallel Assembler and Timing Analyzer during compilation ; On                 ; On                 ;
; Enable compact report table                                      ; Off                ; Off                ;
; Restructure Multiplexers                                         ; Auto               ; Auto               ;
; Create Debugging Nodes for IP Cores                              ; Off                ; Off                ;
; Preserve fewer node names                                        ; On                 ; On                 ;
; Intel FPGA IP Evaluation Mode                                    ; Enable             ; Enable             ;
; Verilog Version                                                  ; Verilog_2001       ; Verilog_2001       ;
; VHDL Version                                                     ; VHDL_1993          ; VHDL_1993          ;
; State Machine Processing                                         ; Auto               ; Auto               ;
; Safe State Machine                                               ; Off                ; Off                ;
; Extract Verilog State Machines                                   ; On                 ; On                 ;
; Extract VHDL State Machines                                      ; On                 ; On                 ;
; Ignore Verilog initial constructs                                ; Off                ; Off                ;
; Iteration limit for constant Verilog loops                       ; 5000               ; 5000               ;
; Iteration limit for non-constant Verilog loops                   ; 250                ; 250                ;
; Add Pass-Through Logic to Inferred RAMs                          ; On                 ; On                 ;
; Infer RAMs from Raw Logic                                        ; On                 ; On                 ;
; Parallel Synthesis                                               ; On                 ; On                 ;
; DSP Block Balancing                                              ; Auto               ; Auto               ;
; NOT Gate Push-Back                                               ; On                 ; On                 ;
; Power-Up Don't Care                                              ; On                 ; On                 ;
; Remove Redundant Logic Cells                                     ; Off                ; Off                ;
; Remove Duplicate Registers                                       ; On                 ; On                 ;
; Ignore CARRY Buffers                                             ; Off                ; Off                ;
; Ignore CASCADE Buffers                                           ; Off                ; Off                ;
; Ignore GLOBAL Buffers                                            ; Off                ; Off                ;
; Ignore ROW GLOBAL Buffers                                        ; Off                ; Off                ;
; Ignore LCELL Buffers                                             ; Off                ; Off                ;
; Ignore SOFT Buffers                                              ; On                 ; On                 ;
; Limit AHDL Integers to 32 Bits                                   ; Off                ; Off                ;
; Optimization Technique                                           ; Balanced           ; Balanced           ;
; Carry Chain Length                                               ; 70                 ; 70                 ;
; Auto Carry Chains                                                ; On                 ; On                 ;
; Auto Open-Drain Pins                                             ; On                 ; On                 ;
; Perform WYSIWYG Primitive Resynthesis                            ; Off                ; Off                ;
; Auto ROM Replacement                                             ; On                 ; On                 ;
; Auto RAM Replacement                                             ; On                 ; On                 ;
; Auto DSP Block Replacement                                       ; On                 ; On                 ;
; Auto Shift Register Replacement                                  ; Auto               ; Auto               ;
; Allow Shift Register Merging across Hierarchies                  ; Auto               ; Auto               ;
; Auto Clock Enable Replacement                                    ; On                 ; On                 ;
; Strict RAM Replacement                                           ; Off                ; Off                ;
; Allow Synchronous Control Signals                                ; On                 ; On                 ;
; Force Use of Synchronous Clear Signals                           ; Off                ; Off                ;
; Auto RAM Block Balancing                                         ; On                 ; On                 ;
; Auto RAM to Logic Cell Conversion                                ; Off                ; Off                ;
; Auto Resource Sharing                                            ; Off                ; Off                ;
; Allow Any RAM Size For Recognition                               ; Off                ; Off                ;
; Allow Any ROM Size For Recognition                               ; Off                ; Off                ;
; Allow Any Shift Register Size For Recognition                    ; Off                ; Off                ;
; Use LogicLock Constraints during Resource Balancing              ; On                 ; On                 ;
; Ignore translate_off and synthesis_off directives                ; Off                ; Off                ;
; Timing-Driven Synthesis                                          ; On                 ; On                 ;
; Report Parameter Settings                                        ; On                 ; On                 ;
; Report Source Assignments                                        ; On                 ; On                 ;
; Report Connectivity Checks                                       ; On                 ; On                 ;
; Ignore Maximum Fan-Out Assignments                               ; Off                ; Off                ;
; Synchronization Register Chain Length                            ; 2                  ; 2                  ;
; Power Optimization During Synthesis                              ; Normal compilation ; Normal compilation ;
; HDL message level                                                ; Level2             ; Level2             ;
; Suppress Register Optimization Related Messages                  ; Off                ; Off                ;
; Number of Removed Registers Reported in Synthesis Report         ; 5000               ; 5000               ;
; Number of Swept Nodes Reported in Synthesis Report               ; 5000               ; 5000               ;
; Number of Inverted Registers Reported in Synthesis Report        ; 100                ; 100                ;
; Clock MUX Protection                                             ; On                 ; On                 ;
; Auto Gated Clock Conversion                                      ; Off                ; Off                ;
; Block Design Naming                                              ; Auto               ; Auto               ;
; SDC constraint protection                                        ; Off                ; Off                ;
; Synthesis Effort                                                 ; Auto               ; Auto               ;
; Shift Register Replacement - Allow Asynchronous Clear Signal     ; On                 ; On                 ;
; Pre-Mapping Resynthesis Optimization                             ; Off                ; Off                ;
; Analysis & Synthesis Message Level                               ; Medium             ; Medium             ;
; Disable Register Merging Across Hierarchies                      ; Auto               ; Auto               ;
; Resource Aware Inference For Block RAM                           ; On                 ; On                 ;
+------------------------------------------------------------------+--------------------+--------------------+


+------------------------------------------+
; Parallel Compilation                     ;
+----------------------------+-------------+
; Processors                 ; Number      ;
+----------------------------+-------------+
; Number detected on machine ; 16          ;
; Maximum allowed            ; 8           ;
;                            ;             ;
; Average used               ; 1.00        ;
; Maximum used               ; 8           ;
;                            ;             ;
; Usage by Processor         ; % Time Used ;
;     Processor 1            ; 100.0%      ;
;     Processor 2            ;   0.1%      ;
;     Processor 3            ;   0.1%      ;
;     Processor 4            ;   0.1%      ;
;     Processor 5            ;   0.1%      ;
;     Processor 6            ;   0.0%      ;
;     Processor 7            ;   0.0%      ;
;     Processor 8            ;   0.0%      ;
+----------------------------+-------------+


+----------------------------------------------------------------------------------------------------------------------------------------------------------------+
; Analysis & Synthesis Source Files Read                                                                                                                         ;
+----------------------------------+-----------------+------------------------------+------------------------------------------------------------------+---------+
; File Name with User-Entered Path ; Used in Netlist ; File Type                    ; File Name with Absolute Path                                     ; Library ;
+----------------------------------+-----------------+------------------------------+------------------------------------------------------------------+---------+
; DriveMode.sv                     ; yes             ; User SystemVerilog HDL File  ; C:/repos/hvps/Code/Verilog/HVPSController2/DriveMode.sv          ;         ;
; CommandHandler.v                 ; yes             ; User Verilog HDL File        ; C:/repos/hvps/Code/Verilog/HVPSController2/CommandHandler.v      ;         ;
; GeneratedConstants.sv            ; yes             ; User SystemVerilog HDL File  ; C:/repos/hvps/Code/Verilog/HVPSController2/GeneratedConstants.sv ;         ;
; HBridge.v                        ; yes             ; User Verilog HDL File        ; C:/repos/hvps/Code/Verilog/HVPSController2/HBridge.v             ;         ;
; BangBangController.v             ; yes             ; User Verilog HDL File        ; C:/repos/hvps/Code/Verilog/HVPSController2/BangBangController.v  ;         ;
; AD7822.v                         ; yes             ; User Verilog HDL File        ; C:/repos/hvps/Code/Verilog/HVPSController2/AD7822.v              ;         ;
; HVPS_FPGAInterface.v             ; yes             ; User Verilog HDL File        ; C:/repos/hvps/Code/Verilog/HVPSController2/HVPS_FPGAInterface.v  ;         ;
; hvps_controller.v                ; yes             ; User Verilog HDL File        ; C:/repos/hvps/Code/Verilog/HVPSController2/hvps_controller.v     ;         ;
; debouncer.v                      ; yes             ; User Verilog HDL File        ; C:/repos/hvps/Code/Verilog/HVPSController2/debouncer.v           ;         ;
+----------------------------------+-----------------+------------------------------+------------------------------------------------------------------+---------+


+---------------------------------------------------------+
; Analysis & Synthesis Resource Usage Summary             ;
+---------------------------------------------+-----------+
; Resource                                    ; Usage     ;
+---------------------------------------------+-----------+
; Estimated Total logic elements              ; 1,429     ;
;                                             ;           ;
; Total combinational functions               ; 1365      ;
; Logic element usage by number of LUT inputs ;           ;
;     -- 4 input functions                    ; 147       ;
;     -- 3 input functions                    ; 1087      ;
;     -- <=2 input functions                  ; 131       ;
;                                             ;           ;
; Logic elements by mode                      ;           ;
;     -- normal mode                          ; 1263      ;
;     -- arithmetic mode                      ; 102       ;
;                                             ;           ;
; Total registers                             ; 1322      ;
;     -- Dedicated logic registers            ; 1322      ;
;     -- I/O registers                        ; 0         ;
;                                             ;           ;
; I/O pins                                    ; 52        ;
;                                             ;           ;
; Embedded Multiplier 9-bit elements          ; 0         ;
;                                             ;           ;
; Maximum fan-out node                        ; clk~input ;
; Maximum fan-out                             ; 1322      ;
; Total fan-out                               ; 8076      ;
; Average fan-out                             ; 2.89      ;
+---------------------------------------------+-----------+


+------------------------------------------------------------------------------------------------------------------------------------------------------------------------------------------------------------------------------------------------------------------------------------------------+
; Analysis & Synthesis Resource Utilization by Entity                                                                                                                                                                                                                                            ;
+----------------------------------------------+---------------------+---------------------------+-------------+--------------+---------+-----------+------+--------------+----------------------------------------------------------------------------------+--------------------+--------------+
; Compilation Hierarchy Node                   ; Combinational ALUTs ; Dedicated Logic Registers ; Memory Bits ; DSP Elements ; DSP 9x9 ; DSP 18x18 ; Pins ; Virtual Pins ; Full Hierarchy Name                                                              ; Entity Name        ; Library Name ;
+----------------------------------------------+---------------------+---------------------------+-------------+--------------+---------+-----------+------+--------------+----------------------------------------------------------------------------------+--------------------+--------------+
; |hvps_controller                             ; 1365 (0)            ; 1322 (0)                  ; 0           ; 0            ; 0       ; 0         ; 52   ; 0            ; |hvps_controller                                                                 ; hvps_controller    ; work         ;
;    |AD7822:first_stage_voltage_feedback_adc| ; 26 (26)             ; 19 (19)                   ; 0           ; 0            ; 0       ; 0         ; 0    ; 0            ; |hvps_controller|AD7822:first_stage_voltage_feedback_adc                         ; AD7822             ; work         ;
;    |AD7822:output_voltage_feedback_adc|      ; 26 (26)             ; 19 (19)                   ; 0           ; 0            ; 0       ; 0         ; 0    ; 0            ; |hvps_controller|AD7822:output_voltage_feedback_adc                              ; AD7822             ; work         ;
;    |AD7822:primary_current_feedback_adc|     ; 25 (25)             ; 19 (19)                   ; 0           ; 0            ; 0       ; 0         ; 0    ; 0            ; |hvps_controller|AD7822:primary_current_feedback_adc                             ; AD7822             ; work         ;
;    |BangBangController:bang_bang_controller| ; 14 (14)             ; 0 (0)                     ; 0           ; 0            ; 0       ; 0         ; 0    ; 0            ; |hvps_controller|BangBangController:bang_bang_controller                         ; BangBangController ; work         ;
;    |CommandHandler:command_handler|          ; 16 (16)             ; 15 (15)                   ; 0           ; 0            ; 0       ; 0         ; 0    ; 0            ; |hvps_controller|CommandHandler:command_handler                                  ; CommandHandler     ; work         ;
;    |HBridge:hBridge|                         ; 37 (37)             ; 21 (21)                   ; 0           ; 0            ; 0       ; 0         ; 0    ; 0            ; |hvps_controller|HBridge:hBridge                                                 ; HBridge            ; work         ;
;    |HVPS_FPGAInterface:fpga_interface|       ; 1221 (1109)         ; 1229 (1141)               ; 0           ; 0            ; 0       ; 0         ; 0    ; 0            ; |hvps_controller|HVPS_FPGAInterface:fpga_interface                               ; HVPS_FPGAInterface ; work         ;
;       |debouncer:debouncer_go_live|          ; 28 (28)             ; 22 (22)                   ; 0           ; 0            ; 0       ; 0         ; 0    ; 0            ; |hvps_controller|HVPS_FPGAInterface:fpga_interface|debouncer:debouncer_go_live   ; debouncer          ; work         ;
;       |debouncer:debouncer_in_shift|         ; 28 (28)             ; 22 (22)                   ; 0           ; 0            ; 0       ; 0         ; 0    ; 0            ; |hvps_controller|HVPS_FPGAInterface:fpga_interface|debouncer:debouncer_in_shift  ; debouncer          ; work         ;
;       |debouncer:debouncer_out_shift|        ; 28 (28)             ; 22 (22)                   ; 0           ; 0            ; 0       ; 0         ; 0    ; 0            ; |hvps_controller|HVPS_FPGAInterface:fpga_interface|debouncer:debouncer_out_shift ; debouncer          ; work         ;
;       |debouncer:debouncer_to_output|        ; 28 (28)             ; 22 (22)                   ; 0           ; 0            ; 0       ; 0         ; 0    ; 0            ; |hvps_controller|HVPS_FPGAInterface:fpga_interface|debouncer:debouncer_to_output ; debouncer          ; work         ;
+----------------------------------------------+---------------------+---------------------------+-------------+--------------+---------+-----------+------+--------------+----------------------------------------------------------------------------------+--------------------+--------------+
Note: For table entries with two numbers listed, the numbers in parentheses indicate the number of resources of the given type used by the specific entity alone. The numbers listed outside of parentheses indicate the total resources of the given type used by the specific entity and all of its sub-entities in the hierarchy.


Encoding Type:  One-Hot
+----------------------------------------------------------------------------------+
; State Machine - |hvps_controller|AD7822:first_stage_voltage_feedback_adc|state   ;
+------------------+---------------+---------------+------------------+------------+
; Name             ; state.RD_HOLD ; state.READING ; state.CONVERTING ; state.IDLE ;
+------------------+---------------+---------------+------------------+------------+
; state.IDLE       ; 0             ; 0             ; 0                ; 0          ;
; state.CONVERTING ; 0             ; 0             ; 1                ; 1          ;
; state.READING    ; 0             ; 1             ; 0                ; 1          ;
; state.RD_HOLD    ; 1             ; 0             ; 0                ; 1          ;
+------------------+---------------+---------------+------------------+------------+


Encoding Type:  One-Hot
+----------------------------------------------------------------------------------+
; State Machine - |hvps_controller|AD7822:output_voltage_feedback_adc|state        ;
+------------------+---------------+---------------+------------------+------------+
; Name             ; state.RD_HOLD ; state.READING ; state.CONVERTING ; state.IDLE ;
+------------------+---------------+---------------+------------------+------------+
; state.IDLE       ; 0             ; 0             ; 0                ; 0          ;
; state.CONVERTING ; 0             ; 0             ; 1                ; 1          ;
; state.READING    ; 0             ; 1             ; 0                ; 1          ;
; state.RD_HOLD    ; 1             ; 0             ; 0                ; 1          ;
+------------------+---------------+---------------+------------------+------------+


Encoding Type:  One-Hot
+----------------------------------------------------------------------------------+
; State Machine - |hvps_controller|AD7822:primary_current_feedback_adc|state       ;
+------------------+---------------+---------------+------------------+------------+
; Name             ; state.RD_HOLD ; state.READING ; state.CONVERTING ; state.IDLE ;
+------------------+---------------+---------------+------------------+------------+
; state.IDLE       ; 0             ; 0             ; 0                ; 0          ;
; state.CONVERTING ; 0             ; 0             ; 1                ; 1          ;
; state.READING    ; 0             ; 1             ; 0                ; 1          ;
; state.RD_HOLD    ; 1             ; 0             ; 0                ; 1          ;
+------------------+---------------+---------------+------------------+------------+


+---------------------------------------------------------------------------------------------------------------------------------------+
; Registers Removed During Synthesis                                                                                                    ;
+-------------------------------------------------------------+-------------------------------------------------------------------------+
; Register name                                               ; Reason for Removal                                                      ;
+-------------------------------------------------------------+-------------------------------------------------------------------------+
; HBridge:hBridge|hLeft                                       ; Merged with HBridge:hBridge|lRight                                      ;
; HBridge:hBridge|lLeft                                       ; Merged with HBridge:hBridge|hRight                                      ;
; CommandHandler:command_handler|n_quarter_cycles_to_drive[3] ; Merged with CommandHandler:command_handler|n_quarter_cycles_to_drive[0] ;
; CommandHandler:command_handler|state[4..7]                  ; Merged with CommandHandler:command_handler|state[3]                     ;
; CommandHandler:command_handler|n_quarter_cycles_to_drive[0] ; Stuck at GND due to stuck port data_in                                  ;
; CommandHandler:command_handler|state[3]                     ; Stuck at GND due to stuck port data_in                                  ;
; CommandHandler:command_handler|n_quarter_cycles_to_drive[1] ; Merged with CommandHandler:command_handler|n_quarter_cycles_to_drive[2] ;
; AD7822:first_stage_voltage_feedback_adc|state~6             ; Lost fanout                                                             ;
; AD7822:first_stage_voltage_feedback_adc|state~7             ; Lost fanout                                                             ;
; AD7822:output_voltage_feedback_adc|state~6                  ; Lost fanout                                                             ;
; AD7822:output_voltage_feedback_adc|state~7                  ; Lost fanout                                                             ;
; AD7822:primary_current_feedback_adc|state~6                 ; Lost fanout                                                             ;
; AD7822:primary_current_feedback_adc|state~7                 ; Lost fanout                                                             ;
; HBridge:hBridge|quarter[2,3]                                ; Stuck at GND due to stuck port data_in                                  ;
; Total Number of Removed Registers = 18                      ;                                                                         ;
+-------------------------------------------------------------+-------------------------------------------------------------------------+


+------------------------------------------------------+
; General Register Statistics                          ;
+----------------------------------------------+-------+
; Statistic                                    ; Value ;
+----------------------------------------------+-------+
; Total registers                              ; 1322  ;
; Number of registers using Synchronous Clear  ; 103   ;
; Number of registers using Synchronous Load   ; 1     ;
; Number of registers using Asynchronous Clear ; 0     ;
; Number of registers using Asynchronous Load  ; 0     ;
; Number of registers using Clock Enable       ; 1171  ;
; Number of registers using Preset             ; 0     ;
+----------------------------------------------+-------+


+-----------------------------------------------------------+
; Inverted Register Statistics                              ;
+-------------------------------------------------+---------+
; Inverted Register                               ; Fan out ;
+-------------------------------------------------+---------+
; AD7822:output_voltage_feedback_adc|data[3]      ; 3       ;
; AD7822:output_voltage_feedback_adc|data[2]      ; 2       ;
; AD7822:output_voltage_feedback_adc|data[1]      ; 2       ;
; AD7822:output_voltage_feedback_adc|data[0]      ; 2       ;
; AD7822:primary_current_feedback_adc|data[0]     ; 2       ;
; AD7822:primary_current_feedback_adc|data[1]     ; 2       ;
; AD7822:primary_current_feedback_adc|data[2]     ; 2       ;
; AD7822:primary_current_feedback_adc|data[3]     ; 2       ;
; AD7822:first_stage_voltage_feedback_adc|data[3] ; 2       ;
; AD7822:output_voltage_feedback_adc|INV_RD       ; 2       ;
; AD7822:primary_current_feedback_adc|INV_RD      ; 2       ;
; AD7822:first_stage_voltage_feedback_adc|INV_RD  ; 2       ;
; AD7822:first_stage_voltage_feedback_adc|data[2] ; 1       ;
; AD7822:first_stage_voltage_feedback_adc|data[1] ; 1       ;
; AD7822:first_stage_voltage_feedback_adc|data[0] ; 1       ;
; Total number of inverted registers = 15         ;         ;
+-------------------------------------------------+---------+


+------------------------------------------------------------------------------------------------------------------------------------------------------------------------------------------------------------+
; Multiplexer Restructuring Statistics (Restructuring Performed)                                                                                                                                             ;
+--------------------+-----------+---------------+----------------------+------------------------+------------+----------------------------------------------------------------------------------------------+
; Multiplexer Inputs ; Bus Width ; Baseline Area ; Area if Restructured ; Saving if Restructured ; Registered ; Example Multiplexer Output                                                                   ;
+--------------------+-----------+---------------+----------------------+------------------------+------------+----------------------------------------------------------------------------------------------+
; 3:1                ; 1049 bits ; 2098 LEs      ; 1049 LEs             ; 1049 LEs               ; Yes        ; |hvps_controller|HVPS_FPGAInterface:fpga_interface|output_buffer[933]                        ;
; 3:1                ; 55 bits   ; 110 LEs       ; 55 LEs               ; 55 LEs                 ; Yes        ; |hvps_controller|HVPS_FPGAInterface:fpga_interface|output_buffer[1087]                       ;
; 3:1                ; 4 bits    ; 8 LEs         ; 4 LEs                ; 4 LEs                  ; Yes        ; |hvps_controller|HBridge:hBridge|n_quarter_cycles_driven[0]                                  ;
; 3:1                ; 19 bits   ; 38 LEs        ; 19 LEs               ; 19 LEs                 ; Yes        ; |hvps_controller|HVPS_FPGAInterface:fpga_interface|debouncer:debouncer_out_shift|counter[7]  ;
; 3:1                ; 19 bits   ; 38 LEs        ; 19 LEs               ; 19 LEs                 ; Yes        ; |hvps_controller|HVPS_FPGAInterface:fpga_interface|debouncer:debouncer_to_output|counter[14] ;
; 3:1                ; 19 bits   ; 38 LEs        ; 19 LEs               ; 19 LEs                 ; Yes        ; |hvps_controller|HVPS_FPGAInterface:fpga_interface|debouncer:debouncer_go_live|counter[11]   ;
; 3:1                ; 19 bits   ; 38 LEs        ; 19 LEs               ; 19 LEs                 ; Yes        ; |hvps_controller|HVPS_FPGAInterface:fpga_interface|debouncer:debouncer_in_shift|counter[2]   ;
; 8:1                ; 5 bits    ; 25 LEs        ; 5 LEs                ; 20 LEs                 ; Yes        ; |hvps_controller|AD7822:first_stage_voltage_feedback_adc|counter[0]                          ;
; 8:1                ; 5 bits    ; 25 LEs        ; 5 LEs                ; 20 LEs                 ; Yes        ; |hvps_controller|AD7822:output_voltage_feedback_adc|counter[3]                               ;
; 8:1                ; 5 bits    ; 25 LEs        ; 5 LEs                ; 20 LEs                 ; Yes        ; |hvps_controller|AD7822:primary_current_feedback_adc|counter[3]                              ;
; 258:1              ; 3 bits    ; 516 LEs       ; 18 LEs               ; 498 LEs                ; Yes        ; |hvps_controller|CommandHandler:command_handler|drive_mode[1]                                ;
; 258:1              ; 4 bits    ; 688 LEs       ; 12 LEs               ; 676 LEs                ; Yes        ; |hvps_controller|CommandHandler:command_handler|state[1]                                     ;
; 258:1              ; 3 bits    ; 516 LEs       ; 3 LEs                ; 513 LEs                ; Yes        ; |hvps_controller|CommandHandler:command_handler|n_quarter_cycles_to_drive[1]                 ;
; 8:1                ; 4 bits    ; 20 LEs        ; 12 LEs               ; 8 LEs                  ; No         ; |hvps_controller|AD7822:first_stage_voltage_feedback_adc|Selector8                           ;
; 8:1                ; 4 bits    ; 20 LEs        ; 12 LEs               ; 8 LEs                  ; No         ; |hvps_controller|AD7822:output_voltage_feedback_adc|Selector9                                ;
; 8:1                ; 4 bits    ; 20 LEs        ; 12 LEs               ; 8 LEs                  ; No         ; |hvps_controller|AD7822:primary_current_feedback_adc|Selector7                               ;
+--------------------+-----------+---------------+----------------------+------------------------+------------+----------------------------------------------------------------------------------------------+


+-------------------------------------------------------------------------------------------------------------+
; Parameter Settings for User Entity Instance: HVPS_FPGAInterface:fpga_interface|debouncer:debouncer_in_shift ;
+----------------+-------+------------------------------------------------------------------------------------+
; Parameter Name ; Value ; Type                                                                               ;
+----------------+-------+------------------------------------------------------------------------------------+
; DEBOUNCE_LIMIT ; 3750  ; Signed Integer                                                                     ;
+----------------+-------+------------------------------------------------------------------------------------+
Note: In order to hide this table in the UI and the text report file, please set the "Show Parameter Settings in Synthesis Report" option in "Analysis and Synthesis Settings -> More Settings" to "Off".


+------------------------------------------------------------------------------------------------------------+
; Parameter Settings for User Entity Instance: HVPS_FPGAInterface:fpga_interface|debouncer:debouncer_go_live ;
+----------------+-------+-----------------------------------------------------------------------------------+
; Parameter Name ; Value ; Type                                                                              ;
+----------------+-------+-----------------------------------------------------------------------------------+
; DEBOUNCE_LIMIT ; 3750  ; Signed Integer                                                                    ;
+----------------+-------+-----------------------------------------------------------------------------------+
Note: In order to hide this table in the UI and the text report file, please set the "Show Parameter Settings in Synthesis Report" option in "Analysis and Synthesis Settings -> More Settings" to "Off".


+--------------------------------------------------------------------------------------------------------------+
; Parameter Settings for User Entity Instance: HVPS_FPGAInterface:fpga_interface|debouncer:debouncer_to_output ;
+----------------+-------+-------------------------------------------------------------------------------------+
; Parameter Name ; Value ; Type                                                                                ;
+----------------+-------+-------------------------------------------------------------------------------------+
; DEBOUNCE_LIMIT ; 3750  ; Signed Integer                                                                      ;
+----------------+-------+-------------------------------------------------------------------------------------+
Note: In order to hide this table in the UI and the text report file, please set the "Show Parameter Settings in Synthesis Report" option in "Analysis and Synthesis Settings -> More Settings" to "Off".


+--------------------------------------------------------------------------------------------------------------+
; Parameter Settings for User Entity Instance: HVPS_FPGAInterface:fpga_interface|debouncer:debouncer_out_shift ;
+----------------+-------+-------------------------------------------------------------------------------------+
; Parameter Name ; Value ; Type                                                                                ;
+----------------+-------+-------------------------------------------------------------------------------------+
; DEBOUNCE_LIMIT ; 3750  ; Signed Integer                                                                      ;
+----------------+-------+-------------------------------------------------------------------------------------+
Note: In order to hide this table in the UI and the text report file, please set the "Show Parameter Settings in Synthesis Report" option in "Analysis and Synthesis Settings -> More Settings" to "Off".


+-----------------------------------------------------------------------------------------------------------------------------------------------------------+
; Port Connectivity Checks: "HBridge:hBridge"                                                                                                               ;
+----------------------------+--------+----------+----------------------------------------------------------------------------------------------------------+
; Port                       ; Type   ; Severity ; Details                                                                                                  ;
+----------------------------+--------+----------+----------------------------------------------------------------------------------------------------------+
; done_finite_quarter_cycles ; Output ; Warning  ; Declared by entity but not connected by instance. Logic that only feeds a dangling port will be removed. ;
+----------------------------+--------+----------+----------------------------------------------------------------------------------------------------------+


+----------------------------------------------------------------------------------------------------------------------------------------------------------------------------------------------+
; Port Connectivity Checks: "CommandHandler:command_handler"                                                                                                                                   ;
+----------------------------+-------+----------+----------------------------------------------------------------------------------------------------------------------------------------------+
; Port                       ; Type  ; Severity ; Details                                                                                                                                      ;
+----------------------------+-------+----------+----------------------------------------------------------------------------------------------------------------------------------------------+
; done_finite_quarter_cycles ; Input ; Warning  ; Declared by entity but not connected by instance. If a default value exists, it will be used.  Otherwise, the port will be connected to GND. ;
+----------------------------+-------+----------+----------------------------------------------------------------------------------------------------------------------------------------------+


+--------------------------------------------------------------------------------------------------------------------------------------+
; Port Connectivity Checks: "AD7822:first_stage_voltage_feedback_adc"                                                                  ;
+-------+--------+----------+----------------------------------------------------------------------------------------------------------+
; Port  ; Type   ; Severity ; Details                                                                                                  ;
+-------+--------+----------+----------------------------------------------------------------------------------------------------------+
; data2 ; Output ; Warning  ; Declared by entity but not connected by instance. Logic that only feeds a dangling port will be removed. ;
+-------+--------+----------+----------------------------------------------------------------------------------------------------------+


+--------------------------------------------------------------------------------------------------------------------------------------+
; Port Connectivity Checks: "AD7822:output_voltage_feedback_adc"                                                                       ;
+-------+--------+----------+----------------------------------------------------------------------------------------------------------+
; Port  ; Type   ; Severity ; Details                                                                                                  ;
+-------+--------+----------+----------------------------------------------------------------------------------------------------------+
; data2 ; Output ; Warning  ; Declared by entity but not connected by instance. Logic that only feeds a dangling port will be removed. ;
+-------+--------+----------+----------------------------------------------------------------------------------------------------------+


+--------------------------------------------------------------------------------------------------------------------------------------+
; Port Connectivity Checks: "AD7822:primary_current_feedback_adc"                                                                      ;
+-------+--------+----------+----------------------------------------------------------------------------------------------------------+
; Port  ; Type   ; Severity ; Details                                                                                                  ;
+-------+--------+----------+----------------------------------------------------------------------------------------------------------+
; data2 ; Output ; Warning  ; Declared by entity but not connected by instance. Logic that only feeds a dangling port will be removed. ;
+-------+--------+----------+----------------------------------------------------------------------------------------------------------+


+-------------------------------------------------------------------------------------------------------------------------------------------------------------------------------------------------+
; Port Connectivity Checks: "HVPS_FPGAInterface:fpga_interface"                                                                                                                                   ;
+-------------------------------+-------+----------+----------------------------------------------------------------------------------------------------------------------------------------------+
; Port                          ; Type  ; Severity ; Details                                                                                                                                      ;
+-------------------------------+-------+----------+----------------------------------------------------------------------------------------------------------------------------------------------+
; max_first_stage_voltage[7..6] ; Input ; Info     ; Stuck at VCC                                                                                                                                 ;
; max_first_stage_voltage[4..3] ; Input ; Info     ; Stuck at VCC                                                                                                                                 ;
; max_first_stage_voltage[2..0] ; Input ; Info     ; Stuck at GND                                                                                                                                 ;
; max_first_stage_voltage[5]    ; Input ; Info     ; Stuck at GND                                                                                                                                 ;
; max_output_voltage[7..6]      ; Input ; Info     ; Stuck at VCC                                                                                                                                 ;
; max_output_voltage[4..3]      ; Input ; Info     ; Stuck at VCC                                                                                                                                 ;
; max_output_voltage[2..0]      ; Input ; Info     ; Stuck at GND                                                                                                                                 ;
; max_output_voltage[5]         ; Input ; Info     ; Stuck at GND                                                                                                                                 ;
; max_primary_current[6..0]     ; Input ; Info     ; Stuck at VCC                                                                                                                                 ;
; max_primary_current[7]        ; Input ; Info     ; Stuck at GND                                                                                                                                 ;
; done_command                  ; Input ; Warning  ; Declared by entity but not connected by instance. If a default value exists, it will be used.  Otherwise, the port will be connected to GND. ;
+-------------------------------+-------+----------+----------------------------------------------------------------------------------------------------------------------------------------------+


+-----------------------------------------------------+
; Post-Synthesis Netlist Statistics for Top Partition ;
+-----------------------+-----------------------------+
; Type                  ; Count                       ;
+-----------------------+-----------------------------+
; boundary_port         ; 52                          ;
; cycloneiii_ff         ; 1322                        ;
;     ENA               ; 1171                        ;
;     SCLR              ; 103                         ;
;     SLD               ; 1                           ;
;     plain             ; 47                          ;
; cycloneiii_lcell_comb ; 1369                        ;
;     arith             ; 102                         ;
;         2 data inputs ; 95                          ;
;         3 data inputs ; 7                           ;
;     normal            ; 1267                        ;
;         1 data inputs ; 25                          ;
;         2 data inputs ; 15                          ;
;         3 data inputs ; 1080                        ;
;         4 data inputs ; 147                         ;
;                       ;                             ;
; Max LUT depth         ; 5.00                        ;
; Average LUT depth     ; 1.32                        ;
+-----------------------+-----------------------------+


+-------------------------------+
; Elapsed Time Per Partition    ;
+----------------+--------------+
; Partition Name ; Elapsed Time ;
+----------------+--------------+
; Top            ; 00:00:01     ;
+----------------+--------------+


+-------------------------------+
; Analysis & Synthesis Messages ;
+-------------------------------+
Info: *******************************************************************
Info: Running Quartus Prime Analysis & Synthesis
    Info: Version 25.1std.0 Build 1129 10/21/2025 SC Lite Edition
    Info: Processing started: Thu Apr 16 12:46:52 2026
Info: Command: quartus_map --read_settings_files=on --write_settings_files=off HVPSController2 -c hvps_controller
Warning (18236): Number of processors has not been specified which may cause overloading on shared machines.  Set the global assignment NUM_PARALLEL_PROCESSORS in your QSF to an appropriate value for best performance.
Info (20030): Parallel compilation is enabled and will use 8 of the 8 processors detected
Info (12021): Found 0 design units, including 0 entities, in source file drivemode.sv
Info (12021): Found 1 design units, including 1 entities, in source file commandhandler.v
    Info (12023): Found entity 1: CommandHandler File: C:/repos/hvps/Code/Verilog/HVPSController2/CommandHandler.v Line: 1
Info (12021): Found 1 design units, including 1 entities, in source file capturebuffer.v
    Info (12023): Found entity 1: CaptureBuffer File: C:/repos/hvps/Code/Verilog/HVPSController2/CaptureBuffer.v Line: 1
Info (12021): Found 0 design units, including 0 entities, in source file generatedconstants.sv
Info (12021): Found 1 design units, including 1 entities, in source file hbridge.v
    Info (12023): Found entity 1: HBridge File: C:/repos/hvps/Code/Verilog/HVPSController2/HBridge.v Line: 1
Info (12021): Found 1 design units, including 1 entities, in source file bangbangcontroller.v
    Info (12023): Found entity 1: BangBangController File: C:/repos/hvps/Code/Verilog/HVPSController2/BangBangController.v Line: 1
Info (12021): Found 1 design units, including 1 entities, in source file ad7822.v
    Info (12023): Found entity 1: AD7822 File: C:/repos/hvps/Code/Verilog/HVPSController2/AD7822.v Line: 1
Info (12021): Found 1 design units, including 1 entities, in source file hvps_fpgainterface.v
    Info (12023): Found entity 1: HVPS_FPGAInterface File: C:/repos/hvps/Code/Verilog/HVPSController2/HVPS_FPGAInterface.v Line: 1
Info (12021): Found 1 design units, including 1 entities, in source file hvps_controller.v
    Info (12023): Found entity 1: hvps_controller File: C:/repos/hvps/Code/Verilog/HVPSController2/hvps_controller.v Line: 8
Info (12021): Found 1 design units, including 1 entities, in source file debouncer.v
    Info (12023): Found entity 1: debouncer File: C:/repos/hvps/Code/Verilog/HVPSController2/debouncer.v Line: 1
Info (12127): Elaborating entity "hvps_controller" for the top level hierarchy
Info (12128): Elaborating entity "HVPS_FPGAInterface" for hierarchy "HVPS_FPGAInterface:fpga_interface" File: C:/repos/hvps/Code/Verilog/HVPSController2/hvps_controller.v Line: 99
Info (12128): Elaborating entity "debouncer" for hierarchy "HVPS_FPGAInterface:fpga_interface|debouncer:debouncer_in_shift" File: C:/repos/hvps/Code/Verilog/HVPSController2/HVPS_FPGAInterface.v Line: 56
Info (12128): Elaborating entity "AD7822" for hierarchy "AD7822:primary_current_feedback_adc" File: C:/repos/hvps/Code/Verilog/HVPSController2/hvps_controller.v Line: 116
Info (12128): Elaborating entity "BangBangController" for hierarchy "BangBangController:bang_bang_controller" File: C:/repos/hvps/Code/Verilog/HVPSController2/hvps_controller.v Line: 153
Info (12128): Elaborating entity "CommandHandler" for hierarchy "CommandHandler:command_handler" File: C:/repos/hvps/Code/Verilog/HVPSController2/hvps_controller.v Line: 161
Info (12128): Elaborating entity "HBridge" for hierarchy "HBridge:hBridge" File: C:/repos/hvps/Code/Verilog/HVPSController2/hvps_controller.v Line: 174
Warning (12241): 6 hierarchies have connectivity warnings - see the Connectivity Checks report folder
Info (286030): Timing-Driven Synthesis is running
Info (17049): 6 registers lost all their fanouts during netlist optimizations.
Info (144001): Generated suppressed messages file C:/repos/hvps/Code/Verilog/HVPSController2/output_files/hvps_controller.map.smsg
Info (16010): Generating hard_block partition "hard_block:auto_generated_inst"
    Info (16011): Adding 0 node(s), including 0 DDIO, 0 PLL, 0 transceiver and 0 LCELL
Warning (21074): Design contains 5 input pin(s) that do not drive logic
    Warning (15610): No output dependent on input pin "ESP_EMERGENCY_STOP" File: C:/repos/hvps/Code/Verilog/HVPSController2/hvps_controller.v Line: 10
    Warning (15610): No output dependent on input pin "OR4" File: C:/repos/hvps/Code/Verilog/HVPSController2/hvps_controller.v Line: 17
    Warning (15610): No output dependent on input pin "OR5" File: C:/repos/hvps/Code/Verilog/HVPSController2/hvps_controller.v Line: 18
    Warning (15610): No output dependent on input pin "OR6" File: C:/repos/hvps/Code/Verilog/HVPSController2/hvps_controller.v Line: 19
    Warning (15610): No output dependent on input pin "OT4" File: C:/repos/hvps/Code/Verilog/HVPSController2/hvps_controller.v Line: 20
Info (21057): Implemented 1483 device resources after synthesis - the final resource count might be different
    Info (21058): Implemented 38 input pins
    Info (21059): Implemented 14 output pins
    Info (21061): Implemented 1431 logic cells
Info: Quartus Prime Analysis & Synthesis was successful. 0 errors, 8 warnings
    Info: Peak virtual memory: 4845 megabytes
    Info: Processing ended: Thu Apr 16 12:47:01 2026
    Info: Elapsed time: 00:00:09
    Info: Total CPU time (on all processors): 00:00:22


+------------------------------------------+
; Analysis & Synthesis Suppressed Messages ;
+------------------------------------------+
The suppressed messages can be found in C:/repos/hvps/Code/Verilog/HVPSController2/output_files/hvps_controller.map.smsg.


