Timing Analyzer report for hvps_controller
Sun Mar 29 09:08:50 2026
Quartus Prime Version 25.1std.0 Build 1129 10/21/2025 SC Lite Edition


---------------------
; Table of Contents ;
---------------------
  1. Legal Notice
  2. Timing Analyzer Summary
  3. Parallel Compilation
  4. SDC File List
  5. Clocks
  6. Slow 1000mV 85C Model Fmax Summary
  7. Timing Closure Recommendations
  8. Slow 1000mV 85C Model Setup Summary
  9. Slow 1000mV 85C Model Hold Summary
 10. Slow 1000mV 85C Model Recovery Summary
 11. Slow 1000mV 85C Model Removal Summary
 12. Slow 1000mV 85C Model Minimum Pulse Width Summary
 13. Slow 1000mV 85C Model Metastability Summary
 14. Slow 1000mV 0C Model Fmax Summary
 15. Slow 1000mV 0C Model Setup Summary
 16. Slow 1000mV 0C Model Hold Summary
 17. Slow 1000mV 0C Model Recovery Summary
 18. Slow 1000mV 0C Model Removal Summary
 19. Slow 1000mV 0C Model Minimum Pulse Width Summary
 20. Slow 1000mV 0C Model Metastability Summary
 21. Fast 1000mV 0C Model Setup Summary
 22. Fast 1000mV 0C Model Hold Summary
 23. Fast 1000mV 0C Model Recovery Summary
 24. Fast 1000mV 0C Model Removal Summary
 25. Fast 1000mV 0C Model Minimum Pulse Width Summary
 26. Fast 1000mV 0C Model Metastability Summary
 27. Multicorner Timing Analysis Summary
 28. Board Trace Model Assignments
 29. Input Transition Times
 30. Signal Integrity Metrics (Slow 1000mv 0c Model)
 31. Signal Integrity Metrics (Slow 1000mv 85c Model)
 32. Signal Integrity Metrics (Fast 1000mv 0c Model)
 33. Clock Transfers
 34. Report TCCS
 35. Report RSKM
 36. Unconstrained Paths Summary
 37. Clock Status Summary
 38. Timing Analyzer Messages



----------------
; Legal Notice ;
----------------
Copyright (C) 2025  Altera Corporation. All rights reserved.
Your use of Altera Corporation's design tools, logic functions 
and other software and tools, and any partner logic 
functions, and any output files from any of the foregoing 
(including device programming or simulation files), and any 
associated documentation or information are expressly subject 
to the terms and conditions of the Altera Program License 
Subscription Agreement, the Altera Quartus Prime License Agreement,
the Altera IP License Agreement, or other applicable license
agreement, including, without limitation, that your use is for
the sole purpose of programming logic devices manufactured by
Altera and sold by Altera or its authorized distributors.  Please
refer to the Altera Software License Subscription Agreements 
on the Quartus Prime software download page.



+---------------------------------------------------------------------------------+
; Timing Analyzer Summary                                                         ;
+-----------------------+---------------------------------------------------------+
; Quartus Prime Version ; Version 25.1std.0 Build 1129 10/21/2025 SC Lite Edition ;
; Timing Analyzer       ; Legacy Timing Analyzer                                  ;
; Revision Name         ; hvps_controller                                         ;
; Device Family         ; Cyclone IV E                                            ;
; Device Name           ; EP4CE6E22C8L                                            ;
; Timing Models         ; Final                                                   ;
; Delay Model           ; Combined                                                ;
; Rise/Fall Delays      ; Enabled                                                 ;
+-----------------------+---------------------------------------------------------+


+------------------------------------------+
; Parallel Compilation                     ;
+----------------------------+-------------+
; Processors                 ; Number      ;
+----------------------------+-------------+
; Number detected on machine ; 16          ;
; Maximum allowed            ; 8           ;
;                            ;             ;
; Average used               ; 1.09        ;
; Maximum used               ; 8           ;
;                            ;             ;
; Usage by Processor         ; % Time Used ;
;     Processor 1            ; 100.0%      ;
;     Processors 2-8         ;   1.3%      ;
+----------------------------+-------------+


+---------------------------------------------------------+
; SDC File List                                           ;
+---------------------+--------+--------------------------+
; SDC File Path       ; Status ; Read at                  ;
+---------------------+--------+--------------------------+
; hvps_controller.sdc ; OK     ; Sun Mar 29 09:08:49 2026 ;
+---------------------+--------+--------------------------+


+---------------------------------------------------------------------------------------------------------------------------------------------------------------------------------+
; Clocks                                                                                                                                                                          ;
+------------+------+--------+-----------+-------+--------+------------+-----------+-------------+-------+--------+-----------+------------+----------+--------+--------+---------+
; Clock Name ; Type ; Period ; Frequency ; Rise  ; Fall   ; Duty Cycle ; Divide by ; Multiply by ; Phase ; Offset ; Edge List ; Edge Shift ; Inverted ; Master ; Source ; Targets ;
+------------+------+--------+-----------+-------+--------+------------+-----------+-------------+-------+--------+-----------+------------+----------+--------+--------+---------+
; clk        ; Base ; 20.000 ; 50.0 MHz  ; 0.000 ; 10.000 ;            ;           ;             ;       ;        ;           ;            ;          ;        ;        ; { clk } ;
+------------+------+--------+-----------+-------+--------+------------+-----------+-------------+-------+--------+-----------+------------+----------+--------+--------+---------+


--------------------------------------
; Slow 1000mV 85C Model Fmax Summary ;
--------------------------------------
No paths to report.


----------------------------------
; Timing Closure Recommendations ;
----------------------------------
HTML report is unavailable in plain text report export.


---------------------------------------
; Slow 1000mV 85C Model Setup Summary ;
---------------------------------------
No paths to report.


--------------------------------------
; Slow 1000mV 85C Model Hold Summary ;
--------------------------------------
No paths to report.


------------------------------------------
; Slow 1000mV 85C Model Recovery Summary ;
------------------------------------------
No paths to report.


-----------------------------------------
; Slow 1000mV 85C Model Removal Summary ;
-----------------------------------------
No paths to report.


+---------------------------------------------------+
; Slow 1000mV 85C Model Minimum Pulse Width Summary ;
+-------+--------+----------------------------------+
; Clock ; Slack  ; End Point TNS                    ;
+-------+--------+----------------------------------+
; clk   ; 16.000 ; 0.000                            ;
+-------+--------+----------------------------------+


-----------------------------------------------
; Slow 1000mV 85C Model Metastability Summary ;
-----------------------------------------------
No synchronizer chains to report.


-------------------------------------
; Slow 1000mV 0C Model Fmax Summary ;
-------------------------------------
No paths to report.


--------------------------------------
; Slow 1000mV 0C Model Setup Summary ;
--------------------------------------
No paths to report.


-------------------------------------
; Slow 1000mV 0C Model Hold Summary ;
-------------------------------------
No paths to report.


-----------------------------------------
; Slow 1000mV 0C Model Recovery Summary ;
-----------------------------------------
No paths to report.


----------------------------------------
; Slow 1000mV 0C Model Removal Summary ;
----------------------------------------
No paths to report.


+--------------------------------------------------+
; Slow 1000mV 0C Model Minimum Pulse Width Summary ;
+-------+--------+---------------------------------+
; Clock ; Slack  ; End Point TNS                   ;
+-------+--------+---------------------------------+
; clk   ; 16.000 ; 0.000                           ;
+-------+--------+---------------------------------+


----------------------------------------------
; Slow 1000mV 0C Model Metastability Summary ;
----------------------------------------------
No synchronizer chains to report.


--------------------------------------
; Fast 1000mV 0C Model Setup Summary ;
--------------------------------------
No paths to report.


-------------------------------------
; Fast 1000mV 0C Model Hold Summary ;
-------------------------------------
No paths to report.


-----------------------------------------
; Fast 1000mV 0C Model Recovery Summary ;
-----------------------------------------
No paths to report.


----------------------------------------
; Fast 1000mV 0C Model Removal Summary ;
----------------------------------------
No paths to report.


+--------------------------------------------------+
; Fast 1000mV 0C Model Minimum Pulse Width Summary ;
+-------+--------+---------------------------------+
; Clock ; Slack  ; End Point TNS                   ;
+-------+--------+---------------------------------+
; clk   ; 16.000 ; 0.000                           ;
+-------+--------+---------------------------------+


----------------------------------------------
; Fast 1000mV 0C Model Metastability Summary ;
----------------------------------------------
No synchronizer chains to report.


+----------------------------------------------------------------------------+
; Multicorner Timing Analysis Summary                                        ;
+------------------+-------+------+----------+---------+---------------------+
; Clock            ; Setup ; Hold ; Recovery ; Removal ; Minimum Pulse Width ;
+------------------+-------+------+----------+---------+---------------------+
; Worst-case Slack ; N/A   ; N/A  ; N/A      ; N/A     ; 16.000              ;
;  clk             ; N/A   ; N/A  ; N/A      ; N/A     ; 16.000              ;
; Design-wide TNS  ; 0.0   ; 0.0  ; 0.0      ; 0.0     ; 0.0                 ;
;  clk             ; N/A   ; N/A  ; N/A      ; N/A     ; 0.000               ;
+------------------+-------+------+----------+---------+---------------------+


+------------------------------------------------------------------------------------------------------------------------------------------------------------------------------------------------------------------------------------------------------------------------------------------------------------------------------------------------------------------------------------------------------------------+
; Board Trace Model Assignments                                                                                                                                                                                                                                                                                                                                                                                    ;
+---------------+--------------+-------------------+-------------------------+-------------------------+---------------+---------------------+----------------+------------------+--------+------------------+------------------------+------------------------+--------------+---------------+-----------------+-------+---------------------+--------------------+---------------+-----------------+-------------+
; Pin           ; I/O Standard ; Near Tline Length ; Near Tline L per Length ; Near Tline C per Length ; Near Series R ; Near Differential R ; Near Pull-up R ; Near Pull-down R ; Near C ; Far Tline Length ; Far Tline L per Length ; Far Tline C per Length ; Far Series R ; Far Pull-up R ; Far Pull-down R ; Far C ; Termination Voltage ; Far Differential R ; EBD File Name ; EBD Signal Name ; EBD Far-end ;
+---------------+--------------+-------------------+-------------------------+-------------------------+---------------+---------------------+----------------+------------------+--------+------------------+------------------------+------------------------+--------------+---------------+-----------------+-------+---------------------+--------------------+---------------+-----------------+-------------+
; ESP_OUT_VALUE ; 3.3-V LVCMOS ; 0 in              ; 0 H/in                  ; 0 F/in                  ; short         ; -                   ; open           ; open             ; open   ; 0 in             ; 0 H/in                 ; 0 F/in                 ; short        ; open          ; open            ; open  ; 0 V                 ; -                  ; n/a           ; n/a             ; n/a         ;
; ~ALTERA_DCLK~ ; 3.3-V LVTTL  ; 0 in              ; 0 H/in                  ; 0 F/in                  ; short         ; -                   ; open           ; open             ; open   ; 0 in             ; 0 H/in                 ; 0 F/in                 ; short        ; open          ; open            ; open  ; 0 V                 ; -                  ; n/a           ; n/a             ; n/a         ;
; ~ALTERA_nCEO~ ; 3.3-V LVTTL  ; 0 in              ; 0 H/in                  ; 0 F/in                  ; short         ; -                   ; open           ; open             ; open   ; 0 in             ; 0 H/in                 ; 0 F/in                 ; short        ; open          ; open            ; open  ; 0 V                 ; -                  ; n/a           ; n/a             ; n/a         ;
+---------------+--------------+-------------------+-------------------------+-------------------------+---------------+---------------------+----------------+------------------+--------+------------------+------------------------+------------------------+--------------+---------------+-----------------+-------+---------------------+--------------------+---------------+-----------------+-------------+


+----------------------------------------------------------------------------+
; Input Transition Times                                                     ;
+-------------------------+--------------+-----------------+-----------------+
; Pin                     ; I/O Standard ; 10-90 Rise Time ; 90-10 Fall Time ;
+-------------------------+--------------+-----------------+-----------------+
; clk                     ; 3.3-V LVCMOS ; 2640 ps         ; 2640 ps         ;
; ESP_EMERGENCY_STOP      ; 3.3-V LVCMOS ; 2640 ps         ; 2640 ps         ;
; ESP_GO_LIVE             ; 3.3-V LVCMOS ; 2640 ps         ; 2640 ps         ;
; OR4                     ; 3.3-V LVCMOS ; 2640 ps         ; 2640 ps         ;
; OR5                     ; 3.3-V LVCMOS ; 2640 ps         ; 2640 ps         ;
; OR6                     ; 3.3-V LVCMOS ; 2640 ps         ; 2640 ps         ;
; OT4                     ; 3.3-V LVCMOS ; 2640 ps         ; 2640 ps         ;
; OT5                     ; 3.3-V LVCMOS ; 2640 ps         ; 2640 ps         ;
; U5_DB0                  ; 3.3-V LVCMOS ; 2640 ps         ; 2640 ps         ;
; U5_DB1                  ; 3.3-V LVCMOS ; 2640 ps         ; 2640 ps         ;
; U5_DB2                  ; 3.3-V LVCMOS ; 2640 ps         ; 2640 ps         ;
; U5_DB3                  ; 3.3-V LVCMOS ; 2640 ps         ; 2640 ps         ;
; U5_DB4                  ; 3.3-V LVCMOS ; 2640 ps         ; 2640 ps         ;
; U5_DB5                  ; 3.3-V LVCMOS ; 2640 ps         ; 2640 ps         ;
; U5_DB6                  ; 3.3-V LVCMOS ; 2640 ps         ; 2640 ps         ;
; U5_DB7                  ; 3.3-V LVCMOS ; 2640 ps         ; 2640 ps         ;
; U5_INV_CONVST           ; 3.3-V LVCMOS ; 2640 ps         ; 2640 ps         ;
; U5_INV_EOC              ; 3.3-V LVCMOS ; 2640 ps         ; 2640 ps         ;
; U5_INV_RD               ; 3.3-V LVCMOS ; 2640 ps         ; 2640 ps         ;
; U12_DB0                 ; 3.3-V LVCMOS ; 2640 ps         ; 2640 ps         ;
; U12_DB1                 ; 3.3-V LVCMOS ; 2640 ps         ; 2640 ps         ;
; U12_DB2                 ; 3.3-V LVCMOS ; 2640 ps         ; 2640 ps         ;
; U12_DB3                 ; 3.3-V LVCMOS ; 2640 ps         ; 2640 ps         ;
; U12_DB4                 ; 3.3-V LVCMOS ; 2640 ps         ; 2640 ps         ;
; U12_DB5                 ; 3.3-V LVCMOS ; 2640 ps         ; 2640 ps         ;
; U12_DB6                 ; 3.3-V LVCMOS ; 2640 ps         ; 2640 ps         ;
; U12_DB7                 ; 3.3-V LVCMOS ; 2640 ps         ; 2640 ps         ;
; U12_INV_CONVST          ; 3.3-V LVCMOS ; 2640 ps         ; 2640 ps         ;
; U12_INV_EOC             ; 3.3-V LVCMOS ; 2640 ps         ; 2640 ps         ;
; U12_INV_RD              ; 3.3-V LVCMOS ; 2640 ps         ; 2640 ps         ;
; U20_DB0                 ; 3.3-V LVCMOS ; 2640 ps         ; 2640 ps         ;
; U20_DB1                 ; 3.3-V LVCMOS ; 2640 ps         ; 2640 ps         ;
; U20_DB2                 ; 3.3-V LVCMOS ; 2640 ps         ; 2640 ps         ;
; U20_DB3                 ; 3.3-V LVCMOS ; 2640 ps         ; 2640 ps         ;
; U20_DB4                 ; 3.3-V LVCMOS ; 2640 ps         ; 2640 ps         ;
; U20_DB5                 ; 3.3-V LVCMOS ; 2640 ps         ; 2640 ps         ;
; U20_DB6                 ; 3.3-V LVCMOS ; 2640 ps         ; 2640 ps         ;
; U20_DB7                 ; 3.3-V LVCMOS ; 2640 ps         ; 2640 ps         ;
; U20_INV_CONVST          ; 3.3-V LVCMOS ; 2640 ps         ; 2640 ps         ;
; U20_INV_EOC             ; 3.3-V LVCMOS ; 2640 ps         ; 2640 ps         ;
; U20_INV_RD              ; 3.3-V LVCMOS ; 2640 ps         ; 2640 ps         ;
; U23_HIN                 ; 3.3-V LVCMOS ; 2640 ps         ; 2640 ps         ;
; U23_LIN                 ; 3.3-V LVCMOS ; 2640 ps         ; 2640 ps         ;
; U23_SD                  ; 3.3-V LVCMOS ; 2640 ps         ; 2640 ps         ;
; U24_HIN                 ; 3.3-V LVCMOS ; 2640 ps         ; 2640 ps         ;
; U24_LIN                 ; 3.3-V LVCMOS ; 2640 ps         ; 2640 ps         ;
; U24_SD                  ; 3.3-V LVCMOS ; 2640 ps         ; 2640 ps         ;
; ESP_OUT_SHIFT           ; 3.3-V LVCMOS ; 2640 ps         ; 2640 ps         ;
; ESP_TO_OUTPUT           ; 3.3-V LVCMOS ; 2640 ps         ; 2640 ps         ;
; ESP_IN_SHIFT            ; 3.3-V LVCMOS ; 2640 ps         ; 2640 ps         ;
; ESP_IN_VALUE            ; 3.3-V LVCMOS ; 2640 ps         ; 2640 ps         ;
; ~ALTERA_ASDO_DATA1~     ; 3.3-V LVTTL  ; 2640 ps         ; 2640 ps         ;
; ~ALTERA_FLASH_nCE_nCSO~ ; 3.3-V LVTTL  ; 2640 ps         ; 2640 ps         ;
; ~ALTERA_DATA0~          ; 3.3-V LVTTL  ; 2640 ps         ; 2640 ps         ;
+-------------------------+--------------+-----------------+-----------------+


+--------------------------------------------------------------------------------------------------------------------------------------------------------------------------------------------------------------------------------------------------------------------------------------------------------------------------------------------------------------------------------------------------------------------------------------------------------------------------------------------------------------------------------------------------------------------------------------------------------------------------------------------------------------------------------------------+
; Signal Integrity Metrics (Slow 1000mv 0c Model)                                                                                                                                                                                                                                                                                                                                                                                                                                                                                                                                                                                                                                            ;
+---------------+--------------+---------------------+---------------------+------------------------------+------------------------------+---------------------+---------------------+--------------------------------------+--------------------------------------+-----------------------------+-----------------------------+----------------------------+----------------------------+-----------------------------+-----------------------------+--------------------+--------------------+-------------------------------------+-------------------------------------+----------------------------+----------------------------+---------------------------+---------------------------+
; Pin           ; I/O Standard ; Board Delay on Rise ; Board Delay on Fall ; Steady State Voh at FPGA Pin ; Steady State Vol at FPGA Pin ; Voh Max at FPGA Pin ; Vol Min at FPGA Pin ; Ringback Voltage on Rise at FPGA Pin ; Ringback Voltage on Fall at FPGA Pin ; 10-90 Rise Time at FPGA Pin ; 90-10 Fall Time at FPGA Pin ; Monotonic Rise at FPGA Pin ; Monotonic Fall at FPGA Pin ; Steady State Voh at Far-end ; Steady State Vol at Far-end ; Voh Max at Far-end ; Vol Min at Far-end ; Ringback Voltage on Rise at Far-end ; Ringback Voltage on Fall at Far-end ; 10-90 Rise Time at Far-end ; 90-10 Fall Time at Far-end ; Monotonic Rise at Far-end ; Monotonic Fall at Far-end ;
+---------------+--------------+---------------------+---------------------+------------------------------+------------------------------+---------------------+---------------------+--------------------------------------+--------------------------------------+-----------------------------+-----------------------------+----------------------------+----------------------------+-----------------------------+-----------------------------+--------------------+--------------------+-------------------------------------+-------------------------------------+----------------------------+----------------------------+---------------------------+---------------------------+
; ESP_OUT_VALUE ; 3.3-V LVCMOS ; 0 s                 ; 0 s                 ; 3.08 V                       ; 3.56e-08 V                   ; 3.11 V              ; -0.025 V            ; 0.238 V                              ; 0.209 V                              ; 6.74e-10 s                  ; 6.56e-10 s                  ; Yes                        ; Yes                        ; 3.08 V                      ; 3.56e-08 V                  ; 3.11 V             ; -0.025 V           ; 0.238 V                             ; 0.209 V                             ; 6.74e-10 s                 ; 6.56e-10 s                 ; Yes                       ; Yes                       ;
; ~ALTERA_DCLK~ ; 3.3-V LVTTL  ; 0 s                 ; 0 s                 ; 3.08 V                       ; 8.04e-09 V                   ; 3.21 V              ; -0.266 V            ; 0.165 V                              ; 0.356 V                              ; 2.77e-10 s                  ; 2.53e-10 s                  ; Yes                        ; No                         ; 3.08 V                      ; 8.04e-09 V                  ; 3.21 V             ; -0.266 V           ; 0.165 V                             ; 0.356 V                             ; 2.77e-10 s                 ; 2.53e-10 s                 ; Yes                       ; No                        ;
; ~ALTERA_nCEO~ ; 3.3-V LVTTL  ; 0 s                 ; 0 s                 ; 3.08 V                       ; 1.54e-08 V                   ; 3.14 V              ; -0.0978 V           ; 0.345 V                              ; 0.224 V                              ; 7.31e-10 s                  ; 6.54e-10 s                  ; No                         ; No                         ; 3.08 V                      ; 1.54e-08 V                  ; 3.14 V             ; -0.0978 V          ; 0.345 V                             ; 0.224 V                             ; 7.31e-10 s                 ; 6.54e-10 s                 ; No                        ; No                        ;
+---------------+--------------+---------------------+---------------------+------------------------------+------------------------------+---------------------+---------------------+--------------------------------------+--------------------------------------+-----------------------------+-----------------------------+----------------------------+----------------------------+-----------------------------+-----------------------------+--------------------+--------------------+-------------------------------------+-------------------------------------+----------------------------+----------------------------+---------------------------+---------------------------+


+--------------------------------------------------------------------------------------------------------------------------------------------------------------------------------------------------------------------------------------------------------------------------------------------------------------------------------------------------------------------------------------------------------------------------------------------------------------------------------------------------------------------------------------------------------------------------------------------------------------------------------------------------------------------------------------------+
; Signal Integrity Metrics (Slow 1000mv 85c Model)                                                                                                                                                                                                                                                                                                                                                                                                                                                                                                                                                                                                                                           ;
+---------------+--------------+---------------------+---------------------+------------------------------+------------------------------+---------------------+---------------------+--------------------------------------+--------------------------------------+-----------------------------+-----------------------------+----------------------------+----------------------------+-----------------------------+-----------------------------+--------------------+--------------------+-------------------------------------+-------------------------------------+----------------------------+----------------------------+---------------------------+---------------------------+
; Pin           ; I/O Standard ; Board Delay on Rise ; Board Delay on Fall ; Steady State Voh at FPGA Pin ; Steady State Vol at FPGA Pin ; Voh Max at FPGA Pin ; Vol Min at FPGA Pin ; Ringback Voltage on Rise at FPGA Pin ; Ringback Voltage on Fall at FPGA Pin ; 10-90 Rise Time at FPGA Pin ; 90-10 Fall Time at FPGA Pin ; Monotonic Rise at FPGA Pin ; Monotonic Fall at FPGA Pin ; Steady State Voh at Far-end ; Steady State Vol at Far-end ; Voh Max at Far-end ; Vol Min at Far-end ; Ringback Voltage on Rise at Far-end ; Ringback Voltage on Fall at Far-end ; 10-90 Rise Time at Far-end ; 90-10 Fall Time at Far-end ; Monotonic Rise at Far-end ; Monotonic Fall at Far-end ;
+---------------+--------------+---------------------+---------------------+------------------------------+------------------------------+---------------------+---------------------+--------------------------------------+--------------------------------------+-----------------------------+-----------------------------+----------------------------+----------------------------+-----------------------------+-----------------------------+--------------------+--------------------+-------------------------------------+-------------------------------------+----------------------------+----------------------------+---------------------------+---------------------------+
; ESP_OUT_VALUE ; 3.3-V LVCMOS ; 0 s                 ; 0 s                 ; 3.08 V                       ; 4.76e-06 V                   ; 3.09 V              ; -0.0198 V           ; 0.105 V                              ; 0.231 V                              ; 8.53e-10 s                  ; 8.42e-10 s                  ; Yes                        ; Yes                        ; 3.08 V                      ; 4.76e-06 V                  ; 3.09 V             ; -0.0198 V          ; 0.105 V                             ; 0.231 V                             ; 8.53e-10 s                 ; 8.42e-10 s                 ; Yes                       ; Yes                       ;
; ~ALTERA_DCLK~ ; 3.3-V LVTTL  ; 0 s                 ; 0 s                 ; 3.08 V                       ; 1.02e-06 V                   ; 3.14 V              ; -0.14 V             ; 0.127 V                              ; 0.347 V                              ; 3.04e-10 s                  ; 3.05e-10 s                  ; Yes                        ; No                         ; 3.08 V                      ; 1.02e-06 V                  ; 3.14 V             ; -0.14 V            ; 0.127 V                             ; 0.347 V                             ; 3.04e-10 s                 ; 3.05e-10 s                 ; Yes                       ; No                        ;
; ~ALTERA_nCEO~ ; 3.3-V LVTTL  ; 0 s                 ; 0 s                 ; 3.08 V                       ; 2e-06 V                      ; 3.12 V              ; -0.0519 V           ; 0.278 V                              ; 0.178 V                              ; 9.16e-10 s                  ; 8.48e-10 s                  ; No                         ; No                         ; 3.08 V                      ; 2e-06 V                     ; 3.12 V             ; -0.0519 V          ; 0.278 V                             ; 0.178 V                             ; 9.16e-10 s                 ; 8.48e-10 s                 ; No                        ; No                        ;
+---------------+--------------+---------------------+---------------------+------------------------------+------------------------------+---------------------+---------------------+--------------------------------------+--------------------------------------+-----------------------------+-----------------------------+----------------------------+----------------------------+-----------------------------+-----------------------------+--------------------+--------------------+-------------------------------------+-------------------------------------+----------------------------+----------------------------+---------------------------+---------------------------+


+--------------------------------------------------------------------------------------------------------------------------------------------------------------------------------------------------------------------------------------------------------------------------------------------------------------------------------------------------------------------------------------------------------------------------------------------------------------------------------------------------------------------------------------------------------------------------------------------------------------------------------------------------------------------------------------------+
; Signal Integrity Metrics (Fast 1000mv 0c Model)                                                                                                                                                                                                                                                                                                                                                                                                                                                                                                                                                                                                                                            ;
+---------------+--------------+---------------------+---------------------+------------------------------+------------------------------+---------------------+---------------------+--------------------------------------+--------------------------------------+-----------------------------+-----------------------------+----------------------------+----------------------------+-----------------------------+-----------------------------+--------------------+--------------------+-------------------------------------+-------------------------------------+----------------------------+----------------------------+---------------------------+---------------------------+
; Pin           ; I/O Standard ; Board Delay on Rise ; Board Delay on Fall ; Steady State Voh at FPGA Pin ; Steady State Vol at FPGA Pin ; Voh Max at FPGA Pin ; Vol Min at FPGA Pin ; Ringback Voltage on Rise at FPGA Pin ; Ringback Voltage on Fall at FPGA Pin ; 10-90 Rise Time at FPGA Pin ; 90-10 Fall Time at FPGA Pin ; Monotonic Rise at FPGA Pin ; Monotonic Fall at FPGA Pin ; Steady State Voh at Far-end ; Steady State Vol at Far-end ; Voh Max at Far-end ; Vol Min at Far-end ; Ringback Voltage on Rise at Far-end ; Ringback Voltage on Fall at Far-end ; 10-90 Rise Time at Far-end ; 90-10 Fall Time at Far-end ; Monotonic Rise at Far-end ; Monotonic Fall at Far-end ;
+---------------+--------------+---------------------+---------------------+------------------------------+------------------------------+---------------------+---------------------+--------------------------------------+--------------------------------------+-----------------------------+-----------------------------+----------------------------+----------------------------+-----------------------------+-----------------------------+--------------------+--------------------+-------------------------------------+-------------------------------------+----------------------------+----------------------------+---------------------------+---------------------------+
; ESP_OUT_VALUE ; 3.3-V LVCMOS ; 0 s                 ; 0 s                 ; 3.46 V                       ; 2.95e-07 V                   ; 3.52 V              ; -0.0392 V           ; 0.202 V                              ; 0.172 V                              ; 6.36e-10 s                  ; 6.26e-10 s                  ; No                         ; Yes                        ; 3.46 V                      ; 2.95e-07 V                  ; 3.52 V             ; -0.0392 V          ; 0.202 V                             ; 0.172 V                             ; 6.36e-10 s                 ; 6.26e-10 s                 ; No                        ; Yes                       ;
; ~ALTERA_DCLK~ ; 3.3-V LVTTL  ; 0 s                 ; 0 s                 ; 3.46 V                       ; 6.55e-08 V                   ; 3.63 V              ; -0.354 V            ; 0.374 V                              ; 0.432 V                              ; 1.64e-10 s                  ; 2.3e-10 s                   ; No                         ; No                         ; 3.46 V                      ; 6.55e-08 V                  ; 3.63 V             ; -0.354 V           ; 0.374 V                             ; 0.432 V                             ; 1.64e-10 s                 ; 2.3e-10 s                  ; No                        ; No                        ;
; ~ALTERA_nCEO~ ; 3.3-V LVTTL  ; 0 s                 ; 0 s                 ; 3.46 V                       ; 1.25e-07 V                   ; 3.57 V              ; -0.124 V            ; 0.318 V                              ; 0.454 V                              ; 6.8e-10 s                   ; 5.02e-10 s                  ; No                         ; No                         ; 3.46 V                      ; 1.25e-07 V                  ; 3.57 V             ; -0.124 V           ; 0.318 V                             ; 0.454 V                             ; 6.8e-10 s                  ; 5.02e-10 s                 ; No                        ; No                        ;
+---------------+--------------+---------------------+---------------------+------------------------------+------------------------------+---------------------+---------------------+--------------------------------------+--------------------------------------+-----------------------------+-----------------------------+----------------------------+----------------------------+-----------------------------+-----------------------------+--------------------+--------------------+-------------------------------------+-------------------------------------+----------------------------+----------------------------+---------------------------+---------------------------+


-------------------
; Clock Transfers ;
-------------------
Nothing to report.


---------------
; Report TCCS ;
---------------
No dedicated SERDES Transmitter circuitry present in device or used in design


---------------
; Report RSKM ;
---------------
No non-DPA dedicated SERDES Receiver circuitry present in device or used in design


+------------------------------------------------+
; Unconstrained Paths Summary                    ;
+---------------------------------+-------+------+
; Property                        ; Setup ; Hold ;
+---------------------------------+-------+------+
; Illegal Clocks                  ; 0     ; 0    ;
; Unconstrained Clocks            ; 3     ; 3    ;
; Unconstrained Input Ports       ; 0     ; 0    ;
; Unconstrained Input Port Paths  ; 0     ; 0    ;
; Unconstrained Output Ports      ; 0     ; 0    ;
; Unconstrained Output Port Paths ; 0     ; 0    ;
+---------------------------------+-------+------+


+----------------------------------------------+
; Clock Status Summary                         ;
+---------------+-------+------+---------------+
; Target        ; Clock ; Type ; Status        ;
+---------------+-------+------+---------------+
; ESP_IN_SHIFT  ;       ; Base ; Unconstrained ;
; ESP_OUT_SHIFT ;       ; Base ; Unconstrained ;
; ESP_TO_OUTPUT ;       ; Base ; Unconstrained ;
; clk           ; clk   ; Base ; Constrained   ;
+---------------+-------+------+---------------+


+--------------------------+
; Timing Analyzer Messages ;
+--------------------------+
Info: *******************************************************************
Info: Running Quartus Prime Timing Analyzer
    Info: Version 25.1std.0 Build 1129 10/21/2025 SC Lite Edition
    Info: Processing started: Sun Mar 29 09:08:49 2026
Info: Command: quartus_sta HVPSController2 -c hvps_controller
Info: qsta_default_script.tcl version: #1
Warning (18236): Number of processors has not been specified which may cause overloading on shared machines.  Set the global assignment NUM_PARALLEL_PROCESSORS in your QSF to an appropriate value for best performance.
Info (20030): Parallel compilation is enabled and will use 8 of the 8 processors detected
Info (21077): Low junction temperature is 0 degrees C
Info (21077): High junction temperature is 85 degrees C
Warning (335093): The Timing Analyzer is analyzing 26 combinational loops as latches. For more details, run the Check Timing command in the Timing Analyzer or view the "User-Specified and Inferred Latches" table in the Analysis & Synthesis report.
Info (332104): Reading SDC File: 'hvps_controller.sdc'
Info (332151): Clock uncertainty is not calculated until you update the timing netlist.
Warning (332060): Node: ESP_OUT_SHIFT was determined to be a clock but was found without an associated clock assignment.
    Info (13166): Register HVPS_FPGAInterface:fpga_interface|out_value is being clocked by ESP_OUT_SHIFT
Warning (332060): Node: ESP_IN_SHIFT was determined to be a clock but was found without an associated clock assignment.
    Info (13166): Register HVPS_FPGAInterface:fpga_interface|input_staged[24] is being clocked by ESP_IN_SHIFT
Warning (332060): Node: ESP_TO_OUTPUT was determined to be a clock but was found without an associated clock assignment.
    Info (13166): Latch HVPS_FPGAInterface:fpga_interface|output_buffer[22]~13 is being clocked by ESP_TO_OUTPUT
Info (332154): The derive_clock_uncertainty command did not apply clock uncertainty to any clock-to-clock transfers.
Info: Found TIMING_ANALYZER_REPORT_SCRIPT_INCLUDE_DEFAULT_ANALYSIS = ON
Info: Analyzing Slow 1000mV 85C Model
Info (332140): No fmax paths to report
Info (332140): No Setup paths to report
Info (332140): No Hold paths to report
Info (332140): No Recovery paths to report
Info (332140): No Removal paths to report
Info (332146): Worst-case minimum pulse width slack is 16.000
    Info (332119):     Slack       End Point TNS Clock 
    Info (332119): ========= =================== =====================
    Info (332119):    16.000               0.000 clk 
Info: Analyzing Slow 1000mV 0C Model
Info (334003): Started post-fitting delay annotation
Info (334004): Delay annotation completed successfully
Warning (332060): Node: ESP_OUT_SHIFT was determined to be a clock but was found without an associated clock assignment.
    Info (13166): Register HVPS_FPGAInterface:fpga_interface|out_value is being clocked by ESP_OUT_SHIFT
Warning (332060): Node: ESP_IN_SHIFT was determined to be a clock but was found without an associated clock assignment.
    Info (13166): Register HVPS_FPGAInterface:fpga_interface|input_staged[24] is being clocked by ESP_IN_SHIFT
Warning (332060): Node: ESP_TO_OUTPUT was determined to be a clock but was found without an associated clock assignment.
    Info (13166): Latch HVPS_FPGAInterface:fpga_interface|output_buffer[22]~13 is being clocked by ESP_TO_OUTPUT
Info (332154): The derive_clock_uncertainty command did not apply clock uncertainty to any clock-to-clock transfers.
Info (332140): No fmax paths to report
Info (332140): No Setup paths to report
Info (332140): No Hold paths to report
Info (332140): No Recovery paths to report
Info (332140): No Removal paths to report
Info (332146): Worst-case minimum pulse width slack is 16.000
    Info (332119):     Slack       End Point TNS Clock 
    Info (332119): ========= =================== =====================
    Info (332119):    16.000               0.000 clk 
Info: Analyzing Fast 1000mV 0C Model
Warning (332060): Node: ESP_OUT_SHIFT was determined to be a clock but was found without an associated clock assignment.
    Info (13166): Register HVPS_FPGAInterface:fpga_interface|out_value is being clocked by ESP_OUT_SHIFT
Warning (332060): Node: ESP_IN_SHIFT was determined to be a clock but was found without an associated clock assignment.
    Info (13166): Register HVPS_FPGAInterface:fpga_interface|input_staged[24] is being clocked by ESP_IN_SHIFT
Warning (332060): Node: ESP_TO_OUTPUT was determined to be a clock but was found without an associated clock assignment.
    Info (13166): Latch HVPS_FPGAInterface:fpga_interface|output_buffer[22]~13 is being clocked by ESP_TO_OUTPUT
Info (332154): The derive_clock_uncertainty command did not apply clock uncertainty to any clock-to-clock transfers.
Info (332140): No Setup paths to report
Info (332140): No Hold paths to report
Info (332140): No Recovery paths to report
Info (332140): No Removal paths to report
Info (332146): Worst-case minimum pulse width slack is 16.000
    Info (332119):     Slack       End Point TNS Clock 
    Info (332119): ========= =================== =====================
    Info (332119):    16.000               0.000 clk 
Info (332102): Design is not fully constrained for setup requirements
Info (332102): Design is not fully constrained for hold requirements
Info: Quartus Prime Timing Analyzer was successful. 0 errors, 11 warnings
    Info: Peak virtual memory: 4830 megabytes
    Info: Processing ended: Sun Mar 29 09:08:50 2026
    Info: Elapsed time: 00:00:01
    Info: Total CPU time (on all processors): 00:00:01


